 regbackup64

 Timestamp is 561660b6 (Thu Oct  8 14:25:26 2015)

 Preferred load address is 0000000140000000

 Start         Length     Name                   Class
 0001:00000000 000009f4H .text$mn                CODE
 0002:00000000 000000a0H .idata$5                DATA
 0002:000000a0 000002c4H .rdata                  DATA
 0002:00000364 00000178H .rdata$zzzdbg           DATA
 0002:000004dc 0000006cH .xdata                  DATA
 0002:00000548 00000000H .edata                  DATA
 0002:00000548 00000014H .idata$2                DATA
 0002:0000055c 00000014H .idata$3                DATA
 0002:00000570 000000a0H .idata$4                DATA
 0002:00000610 00000150H .idata$6                DATA
 0003:00000000 0000002aH .data                   DATA
 0003:00000030 00000010H .bss                    DATA
 0004:00000000 00000054H .pdata                  DATA

  Address         Publics by Value              Rva+Base               Lib:Object

 0000:00000000       __guard_fids_table         0000000000000000     <absolute>
 0000:00000000       __guard_fids_count         0000000000000000     <absolute>
 0000:00000000       __guard_flags              0000000000000000     <absolute>
 0001:00000000       RtlSecureZeroMemory        0000000140001000 f i main.obj
 0001:00000228       dispError                  0000000140001228 f   main.obj
 0001:0000027c       enumHiveList               000000014000127c f   main.obj
 0001:000004f4       saveHiveToFile             00000001400014f4 f   main.obj
 0001:0000066c       mymain                     000000014000166c f   main.obj
 0001:000009a0       syscallStub                00000001400019a0 f   auxfuncs.obj
 0001:000009bc       myTerminate                00000001400019bc f   auxfuncs.obj
 0001:000009be       mywcslen                   00000001400019be f   auxfuncs.obj
 0001:000009d7       mymemcmp                   00000001400019d7 f   auxfuncs.obj
 0001:000009ee       memset                     00000001400019ee f   myntdll:ntdll.dll
 0002:00000000       __imp_RtlWriteRegistryValue 0000000140002000     myntdll:ntdll.dll
 0002:00000008       __imp__vsnwprintf          0000000140002008     myntdll:ntdll.dll
 0002:00000010       __imp_NtFreeVirtualMemory  0000000140002010     myntdll:ntdll.dll
 0002:00000018       __imp_memmove              0000000140002018     myntdll:ntdll.dll
 0002:00000020       __imp_NtEnumerateValueKey  0000000140002020     myntdll:ntdll.dll
 0002:00000028       __imp_RtlCheckRegistryKey  0000000140002028     myntdll:ntdll.dll
 0002:00000030       __imp_NtOpenKey            0000000140002030     myntdll:ntdll.dll
 0002:00000038       __imp_NtOpenKeyEx          0000000140002038     myntdll:ntdll.dll
 0002:00000040       __imp_RtlCreateRegistryKey 0000000140002040     myntdll:ntdll.dll
 0002:00000048       __imp_RtlInitUnicodeString 0000000140002048     myntdll:ntdll.dll
 0002:00000050       __imp_A_SHAInit            0000000140002050     myntdll:ntdll.dll
 0002:00000058       __imp_NtAllocateVirtualMemory 0000000140002058     myntdll:ntdll.dll
 0002:00000060       __imp_A_SHAFinal           0000000140002060     myntdll:ntdll.dll
 0002:00000068       __imp_NtClose              0000000140002068     myntdll:ntdll.dll
 0002:00000070       __imp_RtlAdjustPrivilege   0000000140002070     myntdll:ntdll.dll
 0002:00000078       __imp_NtSaveKeyEx          0000000140002078     myntdll:ntdll.dll
 0002:00000080       __imp_A_SHAUpdate          0000000140002080     myntdll:ntdll.dll
 0002:00000088       __imp_NtCreateFile         0000000140002088     myntdll:ntdll.dll
 0002:00000090       __imp_memset               0000000140002090     myntdll:ntdll.dll
 0002:00000098       \177ntdll_NULL_THUNK_DATA  0000000140002098     myntdll:ntdll.dll
 0002:000000a0       ??_C@_1DO@DCAIJGPA@?$AAR?$AAt?$AAl?$AAS?$AAt?$AAr?$AAi?$AAn?$AAg?$AAV?$AAP?$AAr?$AAi?$AAn?$AAt?$AAf?$AAW?$AAo?$AAr?$AAk?$AAe?$AAr?$AAW?$AA?5?$AAe?$AAr?$AAr?$AAo?$AAr?$AA?$CB?$AA?$AA@ 00000001400020a0     main.obj
 0002:000000e0       ??_C@_1BI@FBNILLBF@?$AAD?$AAe?$AAb?$AAu?$AAg?$AAO?$AAu?$AAt?$AAp?$AAu?$AAt?$AA?$AA@ 00000001400020e0     main.obj
 0002:00000100       ??_C@_1HI@MBOGLGAA@?$AA?2?$AAR?$AAe?$AAg?$AAi?$AAs?$AAt?$AAr?$AAy?$AA?2?$AAM?$AAa?$AAc?$AAh?$AAi?$AAn?$AAe?$AA?2?$AAS?$AAY?$AAS?$AAT?$AAE?$AAM?$AA?2?$AAC?$AAu?$AAr?$AAr?$AAe?$AAn?$AAt@ 0000000140002100     main.obj
 0002:00000178       ??_C@_19DHGNKLIN@?$AA0?$AAx?$AA?$CF?$AAp?$AA?$AA@ 0000000140002178     main.obj
 0002:00000188       ??_C@_19ODPIKNLL@?$AA?$CF?$AAl?$AAl?$AAx?$AA?$AA@ 0000000140002188     main.obj
 0002:00000198       ??_C@_1BG@OCMHJFKM@?$AAi?$AAi?$AAu?$AAg?$AA?$CF?$AAw?$AAs?$AAu?$AAh?$AAo?$AA?$AA@ 0000000140002198     main.obj
 0002:000001b0       ??_C@_1M@LIDCEIFD@?$AA?4?$AAr?$AAb?$AA6?$AA4?$AA?$AA@ 00000001400021b0     main.obj
 0002:000001c0       ??_C@_1CA@KNHJBKEE@?$AA?$HM?$AA?$HM?$AA?$HM?$AA?$CF?$AAw?$AAZ?$AA?$HM?$AA?$HM?$AA?$HM?$AA?$CF?$AAw?$AAZ?$AA?$HM?$AA?$HM?$AA?$HM?$AA?$AA@ 00000001400021c0     main.obj
 0002:000001e0       ??_C@_1FI@OMHEFIEF@?$AAI?$AAn?$AAv?$AAa?$AAl?$AA?$CF?$AAl?$AAl?$AAX?$AAi?$AAd?$AA?5?$AAb?$AAa?$AAc?$AAk?$AAi?$AAn?$AAg?$AA?5?$AAf?$AAi?$AAl?$AAe?$AA?5?$AAn?$AAa?$AAm?$AAe?$AA?5?$AAf?$AAo@ 00000001400021e0     main.obj
 0002:00000240       ??_C@_1GI@KEICMIPC@?$AAF?$AAa?$AAi?$AAl?$AAe?$AAd?$AA?5?$AAt?$AAo?$AA?5?$AAb?$AAa?$AAc?$AAk?$AAu?$AAp?$AA?5?$AA?$CF?$AAw?$AAZ?$AA?5?$AAr?$AAe?$AAg?$AAi?$AAs?$AAt?$AAr?$AAy?$AA?5?$AAh?$AAi@ 0000000140002240     main.obj
 0002:000002b0       ??_C@_1FC@LIBNNEEO@?$AAB?$AAa?$AAc?$AAk?$AAe?$AAd?$AA?5?$AAu?$AAp?$AA?5?$AA?$CF?$AAw?$AAZ?$AA?5?$AAr?$AAe?$AAg?$AAi?$AAs?$AAt?$AAr?$AAy?$AA?5?$AAh?$AAi?$AAv?$AAe?$AA?5?$AAt?$AAo?$AA?5?$AA?$CF@ 00000001400022b0     main.obj
 0002:00000548       __IMPORT_DESCRIPTOR_ntdll  0000000140002548     myntdll:ntdll.dll
 0002:0000055c       __NULL_IMPORT_DESCRIPTOR   000000014000255c     myntdll:ntdll.dll

 entry point at        0001:0000066c

 Static symbols

 0000:ffffb000       .debug$S                   0000000140000000     myntdll:ntdll.dll
 0000:ffffb000       .debug$S                   0000000140000000     myntdll:ntdll.dll
 0000:ffffb000       .debug$S                   0000000140000000     myntdll:ntdll.dll
 0000:ffffb000       .debug$S                   0000000140000000     myntdll:ntdll.dll
 0000:ffffb000       .debug$S                   0000000140000000     myntdll:ntdll.dll
 0000:ffffb000       .debug$S                   0000000140000000     myntdll:ntdll.dll
 0000:ffffb000       .debug$S                   0000000140000000     myntdll:ntdll.dll
 0000:ffffb000       .debug$S                   0000000140000000     myntdll:ntdll.dll
 0000:ffffb000       .debug$S                   0000000140000000     myntdll:ntdll.dll
 0000:ffffb000       .debug$S                   0000000140000000     myntdll:ntdll.dll
 0000:ffffb000       .debug$S                   0000000140000000     myntdll:ntdll.dll
 0000:ffffb000       .debug$S                   0000000140000000     myntdll:ntdll.dll
 0000:ffffb000       .debug$S                   0000000140000000     myntdll:ntdll.dll
 0000:ffffb000       .debug$S                   0000000140000000     myntdll:ntdll.dll
 0000:ffffb000       .debug$S                   0000000140000000     myntdll:ntdll.dll
 0000:ffffb000       .debug$S                   0000000140000000     myntdll:ntdll.dll
 0000:ffffb000       .debug$S                   0000000140000000     myntdll:ntdll.dll
 0000:ffffb000       .debug$S                   0000000140000000     myntdll:ntdll.dll
 0000:ffffb000       .debug$S                   0000000140000000     myntdll:ntdll.dll
 0001:00000020       RtlStringVPrintfWorkerW    0000000140001020 f   main.obj
 0001:00000080       myWPrintf                  0000000140001080 f   main.obj
 0001:000009a0       $$000000                   00000001400019a0     auxfuncs.obj
 0002:000004dc       $unwind$RtlSecureZeroMemory 00000001400024dc     main.obj
 0002:000004e4       $unwind$RtlStringVPrintfWorkerW 00000001400024e4     main.obj
 0002:000004f4       $unwind$myWPrintf          00000001400024f4     main.obj
 0002:00000508       $unwind$dispError          0000000140002508     main.obj
 0002:00000514       $unwind$enumHiveList       0000000140002514     main.obj
 0002:00000528       $unwind$saveHiveToFile     0000000140002528     main.obj
 0002:00000534       $unwind$mymain             0000000140002534     main.obj
 0002:0000074c       .idata$6                   000000014000274c     myntdll:ntdll.dll
 0003:00000000       ?szOutputKeyPath@?1??myWPrintf@@9@9 0000000140003000     main.obj
 0003:00000030       ?s_maxKeyIndex@?1??enumHiveList@@9@9 0000000140003030     main.obj
 0003:00000038       ?s_totalMemSize@?1??enumHiveList@@9@9 0000000140003038     main.obj
 0004:00000000       $pdata$RtlSecureZeroMemory 0000000140004000     main.obj
 0004:0000000c       $pdata$RtlStringVPrintfWorkerW 000000014000400c     main.obj
 0004:00000018       $pdata$myWPrintf           0000000140004018     main.obj
 0004:00000024       $pdata$dispError           0000000140004024     main.obj
 0004:00000030       $pdata$enumHiveList        0000000140004030     main.obj
 0004:0000003c       $pdata$saveHiveToFile      000000014000403c     main.obj
 0004:00000048       $pdata$mymain              0000000140004048     main.obj
